[INFO] 04:13:42:649 0/(6563:6563): CPU 0 iniciada
[INFO] 04:13:42:649 0/(6563:6563): Registros CPU inicializados - PC: 0
[INFO] 04:13:42:649 0/(6563:6563): Conectado a Kernel Scheduler
[INFO] 04:13:42:649 0/(6563:6563): ## Conectado a Kernel Scheduler
[INFO] 04:13:42:649 0/(6563:6563): Conectado a Kernel Memory
[INFO] 04:13:42:649 0/(6563:6563): ## Conectado a Kernel Memory
[INFO] 04:13:42:649 0/(6563:6563): ## Conectado a Memory Stick 0
[INFO] 04:13:42:649 0/(6563:6563): ## PID: 0 - Proceso recibido de Kernel Scheduler
[INFO] 04:13:42:649 0/(6563:6563): ## PID: 0 - Contexto restaurado - PC: 0 - Segmentos: 0
[INFO] 04:13:42:649 0/(6563:6563): ## PID: 0 - FETCH - Program Counter: 0
[INFO] 04:13:42:907 0/(6563:6563): ## PID: 0 - Ejecutando: NOOP - 
[INFO] 04:13:42:907 0/(6563:6563): ## PID: 0 - FETCH - Program Counter: 1
[INFO] 04:13:43:165 0/(6563:6563): ## PID: 0 - Ejecutando: MEM_ALLOC - 0 64
[INFO] 04:13:43:165 0/(6563:6563): ## PID: 0 - Syscall: MEM_ALLOC - Segmento: 0 - Tamanio: 64
[INFO] 04:13:43:165 0/(6563:6563): ## PID: 0 - Contexto guardado - PC: 2 - Segmentos: 0
[INFO] 04:13:43:166 0/(6563:6563): ## PID: 0 - Devolviendo proceso a Kernel Scheduler - Motivo: SYSCALL - PC: 2
[INFO] 04:13:43:166 0/(6563:6563): ## PID: 0 - Proceso recibido de Kernel Scheduler
[INFO] 04:13:43:166 0/(6563:6563): ## PID: 0 - Contexto restaurado - PC: 2 - Segmentos: 1
[INFO] 04:13:43:166 0/(6563:6563): ## PID: 0 - FETCH - Program Counter: 2
[INFO] 04:13:43:418 0/(6563:6563): ## PID: 0 - Ejecutando: SET - AX 64
[INFO] 04:13:43:418 0/(6563:6563): ## PID: 0 - FETCH - Program Counter: 3
[INFO] 04:13:43:731 0/(6563:6563): ## PID: 0 - Ejecutando: SET - DI 0
[INFO] 04:13:43:731 0/(6563:6563): ## PID: 0 - FETCH - Program Counter: 4
[INFO] 04:13:43:983 0/(6563:6563): ## PID: 0 - Ejecutando: MOV_OUT - AX
[ERROR] 04:13:43:983 0/(6563:6563): No se pudo ejecutar la instruccion de memoria del PID 0
[INFO] 04:13:43:984 0/(6563:6563): ## PID: 0 - Contexto guardado - PC: 4 - Segmentos: 1
[INFO] 04:13:43:984 0/(6563:6563): ## PID: 0 - Devolviendo proceso a Kernel Scheduler - Motivo: ERROR - PC: 4
[ERROR] 04:13:43:984 0/(6563:6563): Fallo el ciclo de instruccion para PID 0
